category, median_session_duration_seconds
mobile phones,72
notebooks,0