category,lt_one,one_to_five,gt_five
books,0,1,1
mobile phones,2,1,0
notebooks,1,2,0